[backblue.gif]
[fade.gif]
[index.html]
[www.5v.ru/img/mail.gif]
[www.5v.ru/w2.gif]
[www.5v.ru/ds/trnz_ru.htm]
[www.5v.ru/ds/trnz/img/pnp.gif]
[www.5v.ru/ds/trnz/img/p32.gif]
[www.5v.ru/ds/trnz/gt308.htm]
[www.5v.ru/ds/trnz/img/p16.gif]
[www.5v.ru/ds/trnz/gt309.htm]
[www.5v.ru/ds/trnz/img/p6.gif]
[www.5v.ru/ds/trnz/gt310.htm]
[www.5v.ru/ds/trnz/img/npn.gif]
[www.5v.ru/ds/trnz/img/p27.gif]
[www.5v.ru/ds/trnz/gt311.htm]
[www.5v.ru/ds/trnz/gt313.htm]
[www.5v.ru/ds/trnz/img/p21.gif]
[www.5v.ru/ds/trnz/gt322.htm]
[www.5v.ru/ds/trnz/gt328.htm]
[www.5v.ru/ds/trnz/img/p67.gif]
[www.5v.ru/ds/trnz/gt329.htm]
[www.5v.ru/ds/trnz/img/p12.gif]
[www.5v.ru/ds/trnz/img/p75.gif]
[www.5v.ru/ds/trnz/gt402.htm]
[www.5v.ru/ds/trnz/img/p105.gif]
[www.5v.ru/ds/trnz/gt403.htm]
[www.5v.ru/ds/trnz/img/p30.gif]
[www.5v.ru/ds/trnz/img/p23b.gif]
[www.5v.ru/ds/trnz/p401.htm]
[www.5v.ru/ds/trnz/p402.htm]
[www.5v.ru/ds/trnz/p403.htm]
[www.5v.ru/ds/trnz/img/p25.gif]
[www.5v.ru/ds/trnz/p414.htm]
[www.5v.ru/ds/trnz/p415.htm]
[www.5v.ru/ds/trnz/p416.htm]
[www.5v.ru/ds/trnz/img/p23a.gif]
[www.5v.ru/ds/trnz/p417.htm]
[www.5v.ru/ds/trnz/img/p22.gif]
[www.5v.ru/ds/trnz/p418.htm]
[www.5v.ru/ds/trnz/p422.htm]
[www.5v.ru/ds/trnz/p423.htm]
[www.5v.ru/ds/trnz/img/p46.gif]
[www.5v.ru/ds/trnz/kt301.htm]
[www.5v.ru/ds/trnz/img/p44.gif]
[www.5v.ru/ds/trnz/kt302.htm]
[www.5v.ru/ds/trnz/img/p52a.gif]
[www.5v.ru/ds/trnz/kt306.htm]
[www.5v.ru/ds/trnz/img/p48.gif]
[www.5v.ru/ds/trnz/kt307.htm]
[www.5v.ru/ds/trnz/img/p52b.gif]
[www.5v.ru/ds/trnz/kt312.htm]
[www.5v.ru/ds/trnz/img/p28a0.gif]
[www.5v.ru/ds/trnz/kt313.htm]
[www.5v.ru/ds/trnz/img/p38.gif]
[www.5v.ru/ds/trnz/kt314.htm]
[www.5v.ru/ds/trnz/img/p34a.gif]
[www.5v.ru/ds/trnz/kt315.htm]
[www.5v.ru/ds/trnz/img/p40a.gif]
[www.5v.ru/ds/trnz/kt316.htm]
[www.5v.ru/ds/trnz/img/p50.gif]
[www.5v.ru/ds/trnz/kt317.htm]
[www.5v.ru/ds/trnz/img/p73.gif]
[www.5v.ru/ds/trnz/kt325.htm]
[www.5v.ru/ds/trnz/img/p20ww.gif]
[www.5v.ru/ds/trnz/img/p28a2.gif]
[www.5v.ru/ds/trnz/kt326.htm]
[www.5v.ru/ds/trnz/img/p40b.gif]
[www.5v.ru/ds/trnz/img/p20b.gif]
[www.5v.ru/ds/trnz/kt339.htm]
[www.5v.ru/ds/trnz/img/p14.gif]
[www.5v.ru/ds/trnz/kt340.htm]
[www.5v.ru/ds/trnz/kt342.htm]
[www.5v.ru/ds/trnz/kt343.htm]
[www.5v.ru/ds/trnz/img/p33.gif]
[www.5v.ru/ds/trnz/kt345.htm]
[www.5v.ru/ds/trnz/kt349.htm]
[www.5v.ru/ds/trnz/img/p34a1.gif]
[www.5v.ru/ds/trnz/kt361.htm]
[www.5v.ru/ds/trnz/kt363.htm]
[www.5v.ru/ds/trnz/img/p40a1.gif]
[www.5v.ru/ds/trnz/img/to-92.gif]
[www.5v.ru/ds/trnz/kt368.htm]
[www.5v.ru/ds/trnz/img/p40aa.gif]
[www.5v.ru/ds/trnz/kt399.htm]
[www.5v.ru/ds/trnz/img/p42w.gif]
[www.5v.ru/ds/trnz/kt3101.htm]
[www.5v.ru/ds/trnz/img/p28a1.gif]
[www.5v.ru/ds/trnz/kt3102.htm]
[www.5v.ru/ds/trnz/kt3107.htm]
[www.5v.ru/ds/trnz/kt3108.htm]
[www.5v.ru/ds/trnz/img/p43a.gif]
[www.5v.ru/ds/trnz/kt3109.htm]
[www.5v.ru/ds/trnz/img/p61.gif]
[www.5v.ru/ds/trnz/kt3114.htm]
[www.5v.ru/ds/trnz/kt3115.htm]
[www.5v.ru/ds/trnz/kt3117.htm]
[www.5v.ru/ds/trnz/img/p69.gif]
[www.5v.ru/ds/trnz/kt3120.htm]
[www.5v.ru/ds/trnz/kt3121.htm]
[www.5v.ru/ds/trnz/img/p43b.gif]
[www.5v.ru/ds/trnz/kt3123.htm]
[www.5v.ru/ds/trnz/kt3124.htm]
[www.5v.ru/ds/trnz/img/p84.gif]
[www.5v.ru/ds/trnz/kt3126.htm]
[www.5v.ru/ds/trnz/kt3127.htm]
[www.5v.ru/ds/trnz/kt3128.htm]
[www.5v.ru/ds/trnz/img/p17a.gif]
[www.5v.ru/ds/trnz/kt3129.htm]
[www.5v.ru/ds/trnz/kt3130.htm]
[www.5v.ru/ds/trnz/img/p90.gif]
[www.5v.ru/ds/trnz/img/p5.gif]
[www.5v.ru/ds/trnz/kt3132.htm]
[www.5v.ru/ds/trnz/img/p20a.gif]
[www.5v.ru/ds/trnz/kt502.htm]
[www.5v.ru/ds/trnz/kt503.htm]
[www.5v.ru/ds/trnz/img/p107a.gif]
[www.5v.ru/ds/trnz/img/p128.gif]
[www.5v.ru/ds/trnz/kt805.htm]
[www.5v.ru/ds/trnz/img/p81.gif]
[www.5v.ru/ds/trnz/kt814.htm]
[www.5v.ru/ds/trnz/kt815.htm]
[www.5v.ru/ds/trnz/kt816.htm]
[www.5v.ru/ds/trnz/kt817.htm]
[www.5v.ru/ds/trnz/img/p113a.gif]
[www.5v.ru/ds/trnz/kt818.htm]
[www.5v.ru/ds/trnz/kt819.htm]
[www.5v.ru/ds/trnz/kt825.htm]
[www.5v.ru/ds/trnz/img/p185.gif]
[www.5v.ru/ds/trnz/img/p186.gif]
[www.5v.ru/ds/trnz/kt827.htm]
[www.5v.ru/ds/trnz/img/p183.gif]
[www.5v.ru/ds/trnz/kt829.htm]
[www.5v.ru/ds/trnz/kt837.htm]
[www.5v.ru/ds/trnz/kt838.htm]
[www.5v.ru/ds/trnz/kt848.htm]
[www.5v.ru/ds/trnz/kt903.htm]
[www.5v.ru/ds/trnz/kt940.htm]
[www.5v.ru/ds/trnz/kt972.htm]
[www.5v.ru/ds/trnz/kt973.htm]
[www.5v.ru/ds/trnz/img/p205v.gif]
[www.5v.ru/ds/trnz/img/p34b.gif]
[www.5v.ru/ds/trnz/img/p20w.gif]
[www.5v.ru/ds/trnz/kp103.htm]
